../ILI9341/core.c:54:6:Send_DMA_Data16	16	static
../ILI9341/core.c:78:6:DMA2_Str4_TransmitComplete_Callback	8	static
../ILI9341/core.c:91:6:Send_Data8	0	static
../ILI9341/core.c:115:6:ILI9341_SendCommand	8	static
../ILI9341/core.c:132:6:ILI9341_SendCommandAndData	16	static
../ILI9341/core.c:146:6:ILI9341_SendData16	8	static
../ILI9341/core.c:161:6:ILI9341_SetRotation	16	static
../ILI9341/core.c:188:6:ILI9341_SetAddrWindow	24	static
../ILI9341/core.c:208:6:ILI9341_WritePixel	24	static
../ILI9341/core.c:223:6:ILI9341_ClearDisplay	40	static
../ILI9341/core.c:236:6:ILI9341_Init	40	static
../ILI9341/core.c:271:6:ILI9341_fillRect	40	dynamic
