../lvgl/src/widgets/lv_arc.c:733:13:get_center	48	static
../lvgl/src/widgets/lv_arc.c:379:13:lv_arc_constructor	8	static
../lvgl/src/widgets/lv_arc.c:690:13:inv_arc_area	56	static
../lvgl/src/widgets/lv_arc.c:775:13:get_knob_area	48	static
../lvgl/src/widgets/lv_arc.c:62:12:lv_arc_create	8	static
../lvgl/src/widgets/lv_arc.c:82:6:lv_arc_set_start_angle	32	static
../lvgl/src/widgets/lv_arc.c:106:6:lv_arc_set_end_angle	32	static
../lvgl/src/widgets/lv_arc.c:800:13:value_update	32	static
../lvgl/src/widgets/lv_arc.c:410:13:lv_arc_event	200	static
../lvgl/src/widgets/lv_arc.c:129:6:lv_arc_set_angles	16	static
../lvgl/src/widgets/lv_arc.c:135:6:lv_arc_set_bg_start_angle	32	static
../lvgl/src/widgets/lv_arc.c:157:6:lv_arc_set_bg_end_angle	32	static
../lvgl/src/widgets/lv_arc.c:179:6:lv_arc_set_bg_angles	16	static
../lvgl/src/widgets/lv_arc.c:185:6:lv_arc_set_rotation	0	static
../lvgl/src/widgets/lv_arc.c:195:6:lv_arc_set_mode	24	static
../lvgl/src/widgets/lv_arc.c:224:6:lv_arc_set_value	32	static
../lvgl/src/widgets/lv_arc.c:241:6:lv_arc_set_range	32	static
../lvgl/src/widgets/lv_arc.c:261:6:lv_arc_set_change_rate	0	static
../lvgl/src/widgets/lv_arc.c:273:10:lv_arc_get_angle_start	0	static
../lvgl/src/widgets/lv_arc.c:279:10:lv_arc_get_angle_end	0	static
../lvgl/src/widgets/lv_arc.c:285:10:lv_arc_get_bg_angle_start	0	static
../lvgl/src/widgets/lv_arc.c:291:10:lv_arc_get_bg_angle_end	0	static
../lvgl/src/widgets/lv_arc.c:297:9:lv_arc_get_value	0	static
../lvgl/src/widgets/lv_arc.c:303:9:lv_arc_get_min_value	0	static
../lvgl/src/widgets/lv_arc.c:309:9:lv_arc_get_max_value	0	static
../lvgl/src/widgets/lv_arc.c:315:15:lv_arc_get_mode	0	static
../lvgl/src/widgets/lv_arc.c:326:6:lv_arc_align_obj_to_angle	40	static
../lvgl/src/widgets/lv_arc.c:347:6:lv_arc_rotate_obj_to_angle	40	static
