../lvgl/src/widgets/lv_canvas.c:785:13:lv_canvas_destructor	0	static
../lvgl/src/widgets/lv_canvas.c:766:13:lv_canvas_constructor	0	static
../lvgl/src/widgets/lv_canvas.c:54:12:lv_canvas_create	8	static
../lvgl/src/widgets/lv_canvas.c:66:6:lv_canvas_set_buffer	8	static
../lvgl/src/widgets/lv_canvas.c:82:6:lv_canvas_set_px_color	8	static
../lvgl/src/widgets/lv_canvas.c:92:6:lv_canvas_set_px_opa	8	static
../lvgl/src/widgets/lv_canvas.c:102:6:lv_canvas_set_palette	8	static
../lvgl/src/widgets/lv_canvas.c:116:12:lv_canvas_get_px	16	static
../lvgl/src/widgets/lv_canvas.c:126:16:lv_canvas_get_img	0	static
../lvgl/src/widgets/lv_canvas.c:138:6:lv_canvas_copy_buf	32	static
../lvgl/src/widgets/lv_canvas.c:161:6:lv_canvas_transform	112	static
../lvgl/src/widgets/lv_canvas.c:226:6:lv_canvas_blur_hor	128	static
../lvgl/src/widgets/lv_canvas.c:354:6:lv_canvas_blur_ver	128	static
../lvgl/src/widgets/lv_canvas.c:487:6:lv_canvas_fill_bg	48	static
../lvgl/src/widgets/lv_canvas.c:516:6:lv_canvas_draw_rect	488	static
../lvgl/src/widgets/lv_canvas.c:560:6:lv_canvas_draw_text	488	static
../lvgl/src/widgets/lv_canvas.c:596:6:lv_canvas_draw_img	480	static
../lvgl/src/widgets/lv_canvas.c:639:6:lv_canvas_draw_line	480	static
../lvgl/src/widgets/lv_canvas.c:681:6:lv_canvas_draw_polygon	472	static
../lvgl/src/widgets/lv_canvas.c:719:6:lv_canvas_draw_arc	480	static
