../lvgl/src/widgets/lv_table.c:830:19:get_row_height	104	static
../lvgl/src/widgets/lv_table.c:573:13:draw_main	424	static
../lvgl/src/widgets/lv_table.c:436:13:lv_table_destructor	16	static
../lvgl/src/widgets/lv_table.c:417:13:lv_table_constructor	8	static
../lvgl/src/widgets/lv_table.c:796:13:refr_cell_size	88	static
../lvgl/src/widgets/lv_table.c:769:13:refr_size_form_row.constprop	80	static
../lvgl/src/widgets/lv_table.c:454:13:lv_table_event	56	static
../lvgl/src/widgets/lv_table.c:73:12:lv_table_create	8	static
../lvgl/src/widgets/lv_table.c:185:6:lv_table_set_row_cnt	24	static
../lvgl/src/widgets/lv_table.c:224:6:lv_table_set_col_cnt	80	static
../lvgl/src/widgets/lv_table.c:85:6:lv_table_set_cell_value	40	static
../lvgl/src/widgets/lv_table.c:114:6:lv_table_set_cell_value_fmt	44	static
../lvgl/src/widgets/lv_table.c:280:6:lv_table_set_col_width	16	static
../lvgl/src/widgets/lv_table.c:293:6:lv_table_add_cell_ctrl	24	static
../lvgl/src/widgets/lv_table.c:317:6:lv_table_clear_cell_ctrl	24	static
../lvgl/src/widgets/lv_table.c:345:14:lv_table_get_cell_value	0	static
../lvgl/src/widgets/lv_table.c:361:10:lv_table_get_row_cnt	0	static
../lvgl/src/widgets/lv_table.c:369:10:lv_table_get_col_cnt	0	static
../lvgl/src/widgets/lv_table.c:377:12:lv_table_get_col_width	0	static
../lvgl/src/widgets/lv_table.c:391:6:lv_table_has_cell_ctrl	0	static
../lvgl/src/widgets/lv_table.c:406:6:lv_table_get_selected_cell	0	static
