../UI/ui_helpers.c:8:6:_ui_bar_set_property	0	static
../UI/ui_helpers.c:14:6:_ui_basic_set_property	0	static
../UI/ui_helpers.c:23:6:_ui_dropdown_set_property	0	static
../UI/ui_helpers.c:28:6:_ui_image_set_property	0	static
../UI/ui_helpers.c:33:6:_ui_label_set_property	0	static
../UI/ui_helpers.c:39:6:_ui_roller_set_property	0	static
../UI/ui_helpers.c:45:6:_ui_slider_set_property	0	static
../UI/ui_helpers.c:52:6:_ui_screen_change	16	static
../UI/ui_helpers.c:57:6:_ui_arc_increment	16	static
../UI/ui_helpers.c:63:6:_ui_bar_increment	16	static
../UI/ui_helpers.c:69:6:_ui_slider_increment	16	static
../UI/ui_helpers.c:75:6:_ui_flag_modify	16	static
../UI/ui_helpers.c:84:6:_ui_state_modify	16	static
../UI/ui_helpers.c:94:6:_ui_opacity_set	0	static
../UI/ui_helpers.c:99:6:_ui_anim_callback_set_x	0	static
../UI/ui_helpers.c:104:6:_ui_anim_callback_set_y	0	static
../UI/ui_helpers.c:109:6:_ui_anim_callback_set_width	0	static
../UI/ui_helpers.c:114:6:_ui_anim_callback_set_height	0	static
../UI/ui_helpers.c:119:6:_ui_anim_callback_set_opacity	0	static
../UI/ui_helpers.c:124:6:_ui_anim_callback_set_image_zoom	0	static
../UI/ui_helpers.c:129:6:_ui_anim_callback_set_image_angle	0	static
../UI/ui_helpers.c:135:9:_ui_anim_callback_get_x	8	static
../UI/ui_helpers.c:140:9:_ui_anim_callback_get_y	8	static
../UI/ui_helpers.c:145:9:_ui_anim_callback_get_width	8	static
../UI/ui_helpers.c:150:9:_ui_anim_callback_get_height	8	static
../UI/ui_helpers.c:155:9:_ui_anim_callback_get_opacity	8	static
../UI/ui_helpers.c:160:9:_ui_anim_callback_get_image_zoom	8	static
../UI/ui_helpers.c:165:9:_ui_anim_callback_get_image_angle	8	static
../UI/ui_helpers.c:170:6:_ui_arc_set_text_value	56	static
../UI/ui_helpers.c:177:6:_ui_slider_set_text_value	56	static
../UI/ui_helpers.c:183:6:_ui_checked_set_text_value	16	static
